eza - A modern, maintained replacement for ls
v0.17.1 [+git] (pre-release debug build!)
https://github.com/eza-community/eza
